Fortschrittsfenster aus einem frueheren Lauf ist noch offen, es zeigt diesen Lauf mit.
Backfill 2026-02-22 bis 2026-08-24: 131 Handelstage x 1 Symbol(e) = 131 Tagesdateien. Bereits vorhandene werden ohne Request uebersprungen.
    [----------] 1/46 GC 2026-02-23 23:30 UTC: 1800 Kerzen geholt
    [----------] 2/46 GC 2026-02-23 00:00 UTC: 1800 Kerzen geholt
    [#---------] 3/46 GC 2026-02-23 00:30 UTC: 1800 Kerzen geholt
    [#---------] 4/46 GC 2026-02-23 01:00 UTC: 1800 Kerzen geholt
    [#---------] 5/46 GC 2026-02-23 01:30 UTC: 1800 Kerzen geholt
    [#---------] 6/46 GC 2026-02-23 02:00 UTC: 1800 Kerzen geholt
    [##--------] 7/46 GC 2026-02-23 02:30 UTC: 1800 Kerzen geholt
    [##--------] 8/46 GC 2026-02-23 03:00 UTC: 1800 Kerzen geholt
    [##--------] 9/46 GC 2026-02-23 03:30 UTC: 1800 Kerzen geholt
    [##--------] 10/46 GC 2026-02-23 04:00 UTC: 1800 Kerzen geholt
    [##--------] 11/46 GC 2026-02-23 04:30 UTC: 1800 Kerzen geholt
    [###-------] 12/46 GC 2026-02-23 05:00 UTC: 1800 Kerzen geholt
    [###-------] 13/46 GC 2026-02-23 05:30 UTC: 1800 Kerzen geholt
    [###-------] 14/46 GC 2026-02-23 06:00 UTC: 1800 Kerzen geholt
    [###-------] 15/46 GC 2026-02-23 06:30 UTC: 1800 Kerzen geholt
    [###-------] 16/46 GC 2026-02-23 07:00 UTC: 1800 Kerzen geholt
    [####------] 17/46 GC 2026-02-23 07:30 UTC: 1800 Kerzen geholt
    [####------] 18/46 GC 2026-02-23 08:00 UTC: 1800 Kerzen geholt
    [####------] 19/46 GC 2026-02-23 08:30 UTC: 1800 Kerzen geholt
    [####------] 20/46 GC 2026-02-23 09:00 UTC: 1800 Kerzen geholt
    [#####-----] 21/46 GC 2026-02-23 09:30 UTC: 1800 Kerzen geholt
    [#####-----] 22/46 GC 2026-02-23 10:00 UTC: 1800 Kerzen geholt
    [#####-----] 23/46 GC 2026-02-23 10:30 UTC: 1800 Kerzen geholt
    [#####-----] 24/46 GC 2026-02-23 11:00 UTC: 1800 Kerzen geholt
    [#####-----] 25/46 GC 2026-02-23 11:30 UTC: 1800 Kerzen geholt
    [######----] 26/46 GC 2026-02-23 12:00 UTC: 1800 Kerzen geholt
    [######----] 27/46 GC 2026-02-23 12:30 UTC: 1800 Kerzen geholt
    [######----] 28/46 GC 2026-02-23 13:00 UTC: 1800 Kerzen geholt
    [######----] 29/46 GC 2026-02-23 13:30 UTC: 1800 Kerzen geholt
    [#######---] 30/46 GC 2026-02-23 14:00 UTC: 1800 Kerzen geholt
    [#######---] 31/46 GC 2026-02-23 14:30 UTC: 1800 Kerzen geholt
    [#######---] 32/46 GC 2026-02-23 15:00 UTC: 1800 Kerzen geholt
    [#######---] 33/46 GC 2026-02-23 15:30 UTC: 1800 Kerzen geholt
    [#######---] 34/46 GC 2026-02-23 16:00 UTC: 1800 Kerzen geholt
    [########--] 35/46 GC 2026-02-23 16:30 UTC: 1800 Kerzen geholt
    [########--] 36/46 GC 2026-02-23 17:00 UTC: 1800 Kerzen geholt
    [########--] 37/46 GC 2026-02-23 17:30 UTC: 1800 Kerzen geholt
    [########--] 38/46 GC 2026-02-23 18:00 UTC: 1800 Kerzen geholt
    [########--] 39/46 GC 2026-02-23 18:30 UTC: 1800 Kerzen geholt
    [#########-] 40/46 GC 2026-02-23 19:00 UTC: 1800 Kerzen geholt
    [#########-] 41/46 GC 2026-02-23 19:30 UTC: 1800 Kerzen geholt
    [#########-] 42/46 GC 2026-02-23 20:00 UTC: 1800 Kerzen geholt
    [#########-] 43/46 GC 2026-02-23 20:30 UTC: 1800 Kerzen geholt
    [##########] 44/46 GC 2026-02-23 21:00 UTC: 1800 Kerzen geholt
    [##########] 45/46 GC 2026-02-23 21:30 UTC: 1800 Kerzen geholt
    [##########] 46/46 GC 2026-02-23 22:00 UTC: 1800 Kerzen geholt
[----------] 1/131 GC 2026-02-23: geschrieben (82800 Kerzen, 46 Fenster)
    [----------] 1/46 GC 2026-02-24 23:30 UTC: 1800 Kerzen geholt
    [----------] 2/46 GC 2026-02-24 00:00 UTC: 1800 Kerzen geholt
    [#---------] 3/46 GC 2026-02-24 00:30 UTC: 1800 Kerzen geholt
    [#---------] 4/46 GC 2026-02-24 01:00 UTC: 1800 Kerzen geholt
    [#---------] 5/46 GC 2026-02-24 01:30 UTC: 1800 Kerzen geholt
    [#---------] 6/46 GC 2026-02-24 02:00 UTC: 1800 Kerzen geholt
    [##--------] 7/46 GC 2026-02-24 02:30 UTC: 1800 Kerzen geholt
    [##--------] 8/46 GC 2026-02-24 03:00 UTC: 1800 Kerzen geholt
    [##--------] 9/46 GC 2026-02-24 03:30 UTC: 1800 Kerzen geholt
    [##--------] 10/46 GC 2026-02-24 04:00 UTC: 1800 Kerzen geholt
    [##--------] 11/46 GC 2026-02-24 04:30 UTC: 1800 Kerzen geholt
    [###-------] 12/46 GC 2026-02-24 05:00 UTC: 1800 Kerzen geholt
    [###-------] 13/46 GC 2026-02-24 05:30 UTC: 1800 Kerzen geholt
    [###-------] 14/46 GC 2026-02-24 06:00 UTC: 1800 Kerzen geholt
Error 162, reqId 63: Historical Market Data Service error message:Historical data request pacing violation, contract: Future(symbol='GC', lastTradeDateOrContractMonth='202604', exchange='COMEX', includeExpired=True)
  ! GC Fenster bis 2026-02-24 06:30:00+00:00: Versuch 1/3 fehlgeschlagen ([(162, 'Historical Market Data Service error message:Historical data request pacing violation')])
    [###-------] 15/46 GC 2026-02-24 06:30 UTC: 1800 Kerzen geholt
    [###-------] 16/46 GC 2026-02-24 07:00 UTC: 1800 Kerzen geholt
    [####------] 17/46 GC 2026-02-24 07:30 UTC: 1800 Kerzen geholt
    [####------] 18/46 GC 2026-02-24 08:00 UTC: 1800 Kerzen geholt
    [####------] 19/46 GC 2026-02-24 08:30 UTC: 1800 Kerzen geholt
    [####------] 20/46 GC 2026-02-24 09:00 UTC: 1800 Kerzen geholt
    [#####-----] 21/46 GC 2026-02-24 09:30 UTC: 1800 Kerzen geholt
    [#####-----] 22/46 GC 2026-02-24 10:00 UTC: 1800 Kerzen geholt
    [#####-----] 23/46 GC 2026-02-24 10:30 UTC: 1800 Kerzen geholt
    [#####-----] 24/46 GC 2026-02-24 11:00 UTC: 1800 Kerzen geholt
    [#####-----] 25/46 GC 2026-02-24 11:30 UTC: 1800 Kerzen geholt
    [######----] 26/46 GC 2026-02-24 12:00 UTC: 1800 Kerzen geholt
    [######----] 27/46 GC 2026-02-24 12:30 UTC: 1800 Kerzen geholt
    [######----] 28/46 GC 2026-02-24 13:00 UTC: 1800 Kerzen geholt
    [######----] 29/46 GC 2026-02-24 13:30 UTC: 1800 Kerzen geholt
    [#######---] 30/46 GC 2026-02-24 14:00 UTC: 1800 Kerzen geholt
    [#######---] 31/46 GC 2026-02-24 14:30 UTC: 1800 Kerzen geholt
    [#######---] 32/46 GC 2026-02-24 15:00 UTC: 1800 Kerzen geholt
    [#######---] 33/46 GC 2026-02-24 15:30 UTC: 1800 Kerzen geholt
    [#######---] 34/46 GC 2026-02-24 16:00 UTC: 1800 Kerzen geholt
    [########--] 35/46 GC 2026-02-24 16:30 UTC: 1800 Kerzen geholt
    [########--] 36/46 GC 2026-02-24 17:00 UTC: 1800 Kerzen geholt
    [########--] 37/46 GC 2026-02-24 17:30 UTC: 1800 Kerzen geholt
    [########--] 38/46 GC 2026-02-24 18:00 UTC: 1800 Kerzen geholt
    [########--] 39/46 GC 2026-02-24 18:30 UTC: 1800 Kerzen geholt
    [#########-] 40/46 GC 2026-02-24 19:00 UTC: 1800 Kerzen geholt
    [#########-] 41/46 GC 2026-02-24 19:30 UTC: 1800 Kerzen geholt
    [#########-] 42/46 GC 2026-02-24 20:00 UTC: 1800 Kerzen geholt
